// Jest Snapshot v1, https://goo.gl/fbAQLP

exports[`Component: Register should match its empty snapshot 1`] = `
<div>
  <TextField
    className="Login-center"
    disabled={false}
    floatingLabelFixed={false}
    fullWidth={false}
    id="username"
    multiLine={false}
    rows={1}
    type="text"
    underlineShow={true}
  />
  <TextField
    className="Login-center"
    disabled={false}
    floatingLabelFixed={false}
    fullWidth={false}
    id="password"
    multiLine={false}
    rows={1}
    type="password"
    underlineShow={true}
  />
  <br />
  <RaisedButton
    className="Login-center"
    color="primary"
    disabled={false}
    fullWidth={false}
    id="register"
    label="Register"
    labelPosition="after"
    onClick={[Function]}
    primary={false}
    secondary={false}
  />
</div>
`;
